[0.038s] Invoking command in '/home/sam/AST/build/messages_package': CONDA_PROMPT_MODIFIER=(base) /usr/bin/cmake --build /home/sam/AST/build/messages_package -- -j12 -l12
[0.575s] -- Found ament_cmake: 0.9.9 (/opt/ros/foxy/share/ament_cmake/cmake)
[0.575s] -- Using PYTHON_EXECUTABLE: /home/sam/anaconda3/bin/python3
[0.576s] -- Found ament_lint_auto: 0.9.6 (/opt/ros/foxy/share/ament_lint_auto/cmake)
[0.576s] -- Configuring incomplete, errors occurred!
[0.576s] See also "/home/sam/AST/build/messages_package/CMakeFiles/CMakeOutput.log".
[0.576s] Error parsing '/home/sam/AST/src/messages_package/package.xml':
[0.577s] Traceback (most recent call last):
[0.578s]   File "/home/sam/anaconda3/lib/python3.8/site-packages/catkin_pkg/package.py", line 597, in parse_package_string
[0.579s]     root = dom.parseString(data)
[0.580s]   File "/home/sam/anaconda3/lib/python3.8/xml/dom/minidom.py", line 1969, in parseString
[0.580s]     return expatbuilder.parseString(string)
[0.581s]   File "/home/sam/anaconda3/lib/python3.8/xml/dom/expatbuilder.py", line 925, in parseString
[0.583s]     return builder.parseString(string)
[0.584s]   File "/home/sam/anaconda3/lib/python3.8/xml/dom/expatbuilder.py", line 223, in parseString
[0.584s]     parser.Parse(string, True)
[0.584s] xml.parsers.expat.ExpatError: junk after document element: line 21, column 0
[0.585s] 
[0.585s] During handling of the above exception, another exception occurred:
[0.586s] 
[0.586s] Traceback (most recent call last):
[0.586s]   File "/opt/ros/foxy/share/ament_cmake_core/cmake/core/package_xml_2_cmake.py", line 143, in <module>
[0.586s]     main()
[0.586s]   File "/opt/ros/foxy/share/ament_cmake_core/cmake/core/package_xml_2_cmake.py", line 52, in main
[0.586s]     raise e
[0.586s]   File "/opt/ros/foxy/share/ament_cmake_core/cmake/core/package_xml_2_cmake.py", line 48, in main
[0.586s]     package = parse_package_string(
[0.586s]   File "/home/sam/anaconda3/lib/python3.8/site-packages/catkin_pkg/package.py", line 599, in parse_package_string
[0.586s]     raise InvalidPackage('The manifest contains invalid XML:\n%s' % ex, filename)
[0.586s] catkin_pkg.package.InvalidPackage: Error(s) in package '/home/sam/AST/src/messages_package/package.xml':
[0.586s] The manifest contains invalid XML:
[0.587s] junk after document element: line 21, column 0
[0.587s] CMake Error at /opt/ros/foxy/share/ament_cmake_core/cmake/core/ament_package_xml.cmake:94 (message):
[0.587s]   execute_process(/home/sam/anaconda3/bin/python3
[0.587s]   /opt/ros/foxy/share/ament_cmake_core/cmake/core/package_xml_2_cmake.py
[0.587s]   /home/sam/AST/src/messages_package/package.xml
[0.587s]   /home/sam/AST/build/messages_package/ament_cmake_core/package.cmake)
[0.587s]   returned error code 1
[0.587s] Call Stack (most recent call first):
[0.587s]   /opt/ros/foxy/share/ament_cmake_core/cmake/core/ament_package_xml.cmake:49 (_ament_package_xml)
[0.587s]   /opt/ros/foxy/share/ament_lint_auto/cmake/ament_lint_auto_find_test_dependencies.cmake:31 (ament_package_xml)
[0.587s]   CMakeLists.txt:40 (ament_lint_auto_find_test_dependencies)
[0.587s] 
[0.587s] 
[0.587s] make: *** [Makefile:266: cmake_check_build_system] Error 1
[0.589s] Invoked command in '/home/sam/AST/build/messages_package' returned '2': CONDA_PROMPT_MODIFIER=(base) /usr/bin/cmake --build /home/sam/AST/build/messages_package -- -j12 -l12
